/home/daucheng/corpus.asus/noise.sound/0.raw/1.corpus/e.demand_used/babble_16k.raw
/home/daucheng/corpus.asus/noise.sound/0.raw/1.corpus/e.demand_used/bus_16k.raw
/home/daucheng/corpus.asus/noise.sound/0.raw/1.corpus/e.demand_used/cafe_16k.raw
/home/daucheng/corpus.asus/noise.sound/0.raw/1.corpus/e.demand_used/cafeter_16k.raw
/home/daucheng/corpus.asus/noise.sound/0.raw/1.corpus/e.demand_used/car_16k.raw
/home/daucheng/corpus.asus/noise.sound/0.raw/1.corpus/e.demand_used/field_16k.raw
/home/daucheng/corpus.asus/noise.sound/0.raw/1.corpus/e.demand_used/hallway_16k.raw
/home/daucheng/corpus.asus/noise.sound/0.raw/1.corpus/e.demand_used/kitchen_16k.raw
/home/daucheng/corpus.asus/noise.sound/0.raw/1.corpus/e.demand_used/living_16k.raw
/home/daucheng/corpus.asus/noise.sound/0.raw/1.corpus/e.demand_used/meeting_16k.raw
/home/daucheng/corpus.asus/noise.sound/0.raw/1.corpus/e.demand_used/metro_16k.raw
/home/daucheng/corpus.asus/noise.sound/0.raw/1.corpus/e.demand_used/office_16k.raw
/home/daucheng/corpus.asus/noise.sound/0.raw/1.corpus/e.demand_used/park_16k.raw
/home/daucheng/corpus.asus/noise.sound/0.raw/1.corpus/e.demand_used/pink_16k.raw
/home/daucheng/corpus.asus/noise.sound/0.raw/1.corpus/e.demand_used/presto_16k.raw
/home/daucheng/corpus.asus/noise.sound/0.raw/1.corpus/e.demand_used/rain_16k.raw
/home/daucheng/corpus.asus/noise.sound/0.raw/1.corpus/e.demand_used/river_16k.raw
/home/daucheng/corpus.asus/noise.sound/0.raw/1.corpus/e.demand_used/signal024_16k.raw
/home/daucheng/corpus.asus/noise.sound/0.raw/1.corpus/e.demand_used/square_16k.raw
/home/daucheng/corpus.asus/noise.sound/0.raw/1.corpus/e.demand_used/station_16k.raw
/home/daucheng/corpus.asus/noise.sound/0.raw/1.corpus/e.demand_used/traffic_16k.raw
/home/daucheng/corpus.asus/noise.sound/0.raw/1.corpus/e.demand_used/traffic2_16k.raw
/home/daucheng/corpus.asus/noise.sound/0.raw/1.corpus/e.demand_used/volvo_16k.raw
/home/daucheng/corpus.asus/noise.sound/0.raw/1.corpus/e.demand_used/washing_16k.raw
/home/daucheng/corpus.asus/noise.sound/0.raw/1.corpus/e.demand_used/white_16k.raw
